[dotenv@17.2.3] injecting env (2) from .env.local -- tip: ­ƒöæ add access controls to secrets: https://dotenvx.com/ops
­ƒöì Testando conex├úo com Supabase...

URL: https://solfbmzjhabcjlhadkcw.supabase.co
Key: sb_publishable_1nN_Z...

­ƒôï Verificando tabelas...

Ô£à profiles: OK (1 registros)
Ô£à questions: OK (0 registros)
Ô£à game_sessions: OK (2 registros)
Ô£à user_achievements: OK (0 registros)
Ô£à daily_completions: OK (0 registros)

­ƒôè Verificando fun├º├Áes RPC...

ÔØî get_random_questions: Could not find the function public.get_random_questions(category_filter, difficulty_filter, limit_count) in the schema cache

Ô£¿ Teste conclu├¡do!
